../Core/Src/main.c:73:7:soil_moisture_percent	32	static
../Core/Src/main.c:84:6:mock_sht3x	16	static
../Core/Src/main.c:102:6:mock_uv_aqi	16	static
../Core/Src/main.c:125:5:main	104	static
../Core/Src/main.c:260:6:SystemClock_Config	88	static
../Core/Src/main.c:302:13:MX_ADC1_Init	24	static
../Core/Src/main.c:354:13:MX_I2C1_Init	8	static
../Core/Src/main.c:388:13:MX_USART1_UART_Init	8	static
../Core/Src/main.c:421:13:MX_USART2_UART_Init	8	static
../Core/Src/main.c:454:13:MX_GPIO_Init	24	static
../Core/Src/main.c:469:5:_write	24	static
../Core/Src/main.c:480:6:Error_Handler	4	static,ignoring_inline_asm
