../Drivers/STM32F4xx_HAL_Driver/Inc/stm32f4xx_ll_gpio.h:273:22:LL_GPIO_SetPinMode	48	static,ignoring_inline_asm
../Drivers/STM32F4xx_HAL_Driver/Inc/stm32f4xx_ll_gpio.h:342:22:LL_GPIO_SetPinOutputType	24	static
../Drivers/STM32F4xx_HAL_Driver/Inc/stm32f4xx_ll_gpio.h:413:22:LL_GPIO_SetPinSpeed	48	static,ignoring_inline_asm
../Drivers/STM32F4xx_HAL_Driver/Inc/stm32f4xx_ll_gpio.h:484:22:LL_GPIO_SetPinPull	48	static,ignoring_inline_asm
../Drivers/STM32F4xx_HAL_Driver/Inc/stm32f4xx_ll_gpio.h:633:22:LL_GPIO_SetAFPin_8_15	48	static,ignoring_inline_asm
../Core/Src/mpu6050.c:35:13:i2c_MPU6050_write_reg	32	static
../Core/Src/mpu6050.c:56:13:i2c_MPU6050_read_reg	32	static
../Core/Src/mpu6050.c:79:16:accel_sensitiviy_config	24	static
../Core/Src/mpu6050.c:122:16:gyro_sensitiviy_config	24	static
../Core/Src/mpu6050.c:265:6:MPU6050_set_power_mode	24	static
../Core/Src/mpu6050.c:356:6:MPU6050_enable_irq	24	static
../Core/Src/mpu6050.c:395:9:MPU6050_get_irq_status	16	static
../Core/Src/mpu6050.c:421:6:MPU6050_disable_irq	16	static
../Core/Src/mpu6050.c:445:6:MPU6050_peripheral_config	16	static
../Core/Src/mpu6050.c:511:9:MPU6050_Init	32	static
../Core/Src/mpu6050.c:584:6:MPU6050_Read_Accel	24	static
../Core/Src/mpu6050.c:612:6:MPU6050_Read_Gyro	24	static
../Core/Src/mpu6050.c:640:6:MPU6050_Read_Temp	24	static
../Core/Src/mpu6050.c:662:6:MPU6050_Read_All	96	static
../Core/Src/mpu6050.c:722:8:Kalman_getAngle	104	static
